// Jest Snapshot v1, https://goo.gl/fbAQLP

exports[`NewTask has a valid snapshot 1`] = `
<div
  className="NewTaskBar"
>
  <form
    onSubmit={[Function]}
  >
    <input
      onChange={[Function]}
      placeholder="New task"
      spellCheck="false"
      type="text"
      value=""
    />
  </form>
</div>
`;
